// Jest Snapshot v1, https://goo.gl/fbAQLP

exports[`renders a snapshot 1`] = `
<div
  className="App container-fluid"
>
  <div
    className="sideNavBlock"
  >
    <h3>
       Code Stumble 
    </h3>
     
    <br />
     
    <br />
    <div
      className="portImgBlock"
    >
      <a
        aria-current="page"
        href="/"
        onClick={[Function]}
      >
        <img
          alt="WebmasterIMG"
          className="portfolioImg img-circle"
          src="Retro landscape.jpg"
        />
      </a>
    </div>
     
    <br />
     
    <br />
     
    <br />
    <div
      className="linkBox"
    >
      <ul>
        <a
          aria-current="page"
          href="/"
          onClick={[Function]}
        >
          <li>
            <i
              className="fa fa-home my-float"
            />
            <span>
               Home
            </span>
          </li>
        </a>
         
        <br />
        <a
          href="/about"
          onClick={[Function]}
        >
          <li>
            <i
              className="fa fa-user my-float"
            />
            <span>
               About
            </span>
          </li>
        </a>
         
        <br />
        <a
          href="/article"
          onClick={[Function]}
        >
          <li>
            <i
              className="fa fa-list-ul my-float"
            />
            <span>
               Article Index
            </span>
          </li>
           
          <br />
        </a>
      </ul>
    </div>
  </div>
  <div
    className="content-container"
  >
    <header>
      <h2
        className="App-header"
      >
        <i>
          Code Stumble
        </i>
      </h2>
    </header>
    <div
      role="group"
      style={
        Object {
          "outline": "none",
        }
      }
      tabIndex="-1"
    >
      <div
        className="Home-container"
      >
        <h1
          id="welcome_banner"
        >
          Welcome to Code Stumble
        </h1>
        <h3
          align="center"
        >
           If you're not lost, you're not exploring! 
        </h3>
      </div>
    </div>
  </div>
  <div>
    <span
      className="float"
      id="menu-share"
    >
      <i
        aria-hidden="true"
        className="fa fa-diamond my-float"
      />
    </span>
    <ul
      id="navButtonMenu"
    >
      <li>
        <a
          href="/article"
          onClick={[Function]}
        >
          <i
            className="fa fa-list-ul my-float"
          />
        </a>
      </li>
      <li>
        <a
          href="/about"
          onClick={[Function]}
        >
          <i
            className="fa fa-user my-float"
          />
        </a>
      </li>
      <li>
        <a
          aria-current="page"
          href="/"
          onClick={[Function]}
        >
          <i
            className="fa fa-home my-float"
          />
        </a>
      </li>
    </ul>
    <div
      className="label-container"
    >
      <div
        className="label-text"
      >
         Navigate 
      </div>
      <i
        className="fa fa-play label-arrow"
      >
         
      </i>
    </div>
  </div>
</div>
`;
