// Jest Snapshot v1, https://goo.gl/fbAQLP

exports[`renders a snapshot 1`] = `
<div
  className="App container-fluid"
>
  <div
    className="sideNavBlock"
  >
    <h2>
       &lt; CS /&gt; 
    </h2>
    <div
      className="portImgBlock"
    >
      <a
        aria-current="page"
        href="/"
        onClick={[Function]}
      >
        <img
          alt="SideNavIMG"
          className="portfolioImg img-circle"
          src="Retro landscape.jpg"
        />
      </a>
    </div>
    <div
      className="linkBox"
    >
      <ul>
        <a
          aria-current="page"
          href="/"
          onClick={[Function]}
        >
          <li>
            <i
              className="fa fa-home"
            />
            <span>
               Home
            </span>
          </li>
        </a>
        <a
          href="/articles"
          onClick={[Function]}
        >
          <li>
            <i
              className="fa fa-list-ul"
            />
            <span>
               Learn 
            </span>
          </li>
        </a>
        <a
          href="/explore"
          onClick={[Function]}
        >
          <li>
            <i
              className="fa fa-magic"
            />
            <span>
               Explore 
            </span>
          </li>
        </a>
        <a
          href="/about"
          onClick={[Function]}
        >
          <li>
            <i
              className="fa fa-user"
            />
            <span>
               About Me
            </span>
          </li>
        </a>
      </ul>
    </div>
  </div>
  <div
    className="content-container"
  >
    <a
      aria-current="page"
      href="/"
      onClick={[Function]}
    >
      <header
        className="App-header"
      >
        <h2
          className="welcome_banner"
        >
          Code Stumble
        </h2>
      </header>
    </a>
    <div
      role="group"
      style={
        Object {
          "outline": "none",
        }
      }
      tabIndex="-1"
    >
      <div
        className="Home-container"
      >
        <span>
          welcome.md
        </span>
      </div>
    </div>
  </div>
  <div>
    <span
      className="float"
      id="menu-share"
    >
      <i
        aria-hidden="true"
        className="fa fa-diamond my-float"
      />
    </span>
    <ul
      id="navButtonMenu"
    >
      <li>
        <a
          aria-current="page"
          href="/"
          onClick={[Function]}
        >
          <i
            className="fa fa-home my-float"
          />
        </a>
      </li>
      <li>
        <a
          href="/articles"
          onClick={[Function]}
        >
          <i
            className="fa fa-list-ul my-float"
          />
        </a>
      </li>
      <li>
        <a
          href="/explore"
          onClick={[Function]}
        >
          <i
            className="fa fa-magic my-float"
          />
        </a>
      </li>
      <li>
        <a
          href="/about"
          onClick={[Function]}
        >
          <i
            className="fa fa-user my-float"
          />
        </a>
      </li>
    </ul>
  </div>
</div>
`;
